

Working Directory = /home/cadence/DATABASE/pdTraining/synthesis
QoS Summary for scr1_pipe_top
==========================================================================================
Metric                          generic         map             syn_opt         final          
==========================================================================================
Slack (ps):                    36,528          20,109          20,139          20,139
  R2R (ps):                    36,528          20,109          20,139          20,139
  I2R (ps):                  no_value        no_value        no_value        no_value
  R2O (ps):                  no_value        no_value        no_value        no_value
  I2O (ps):                  no_value        no_value        no_value        no_value
  CG  (ps):                  no_value        no_value        no_value        no_value
TNS (ps):                           0               0               0               0
  R2R (ps):                         0               0               0               0
  I2R (ps):                  no_value        no_value        no_value        no_value
  R2O (ps):                  no_value        no_value        no_value        no_value
  I2O (ps):                  no_value        no_value        no_value        no_value
  CG  (ps):                  no_value        no_value        no_value        no_value
Failing Paths:                      0               0               0               0
Cell Area:                  6,897,818       6,904,429       6,904,414       6,904,414
Total Cell Area:            6,897,818       6,904,429       6,904,414       6,904,414
Leaf Instances:                 5,113           2,490           2,482           2,482
Total Instances:                5,113           2,490           2,482           2,482
Utilization (%):                 0.00            0.00            0.00            0.00
Tot. Net Length (um):        no_value        no_value        no_value        no_value
Avg. Net Length (um):        no_value        no_value        no_value        no_value
Route Overflow H (%):        no_value        no_value        no_value        no_value
Route Overflow V (%):        no_value        no_value        no_value        no_value
MBCI(%) (bits/gate) :            0.00            0.00            0.00            0.00
Norm Cong Hotspot Area:
  Max Cong:                  no_value        no_value        no_value        no_value
  Tot Cong:                  no_value        no_value        no_value        no_value
==========================================================================================
CPU  Runtime (h:m:s):        00:31:58        00:30:29        00:30:15        00:30:07
Real Runtime (h:m:s):        02:34:41        00:42:26        00:43:03        00:36:08
CPU  Elapsed (h:m:s):        00:32:02        00:32:31        00:32:47        00:32:53
Real Elapsed (h:m:s):        02:34:43        02:47:09        02:00:12        02:06:21
Memory (MB):                  1289.47         1339.16         1296.14         1315.16
==========================================================================================
==========================================================================================
Flow Settings:
==========================================================================================
Total Runtime (h:m:s): 02:06:20
Total Memory (MB):     1315.16
Executable Version:    20.11-s111_1
==========================================================================================
Total Cell Area =  Cell Area + Physical Cell Area
Total Instances =  Leaf Instances + Physical Instances


